  Generating the build script.
  Reading the asset graph.
  Checking for updates.
  Updating the asset graph.
  Building, incremental build.
  0s freezed on 32 inputs; lib/core/constants/app_constants.dart
  0s freezed on 32 inputs: 1 skipped; lib/core/constants/device_frames.dart
  0s freezed on 32 inputs: 32 skipped
  0s json_serializable on 64 inputs; lib/core/constants/app_constants.dart
  0s json_serializable on 64 inputs: 64 skipped
  0s source_gen:combining_builder on 64 inputs; lib/core/constants/app_constants.dart
  0s source_gen:combining_builder on 64 inputs: 64 skipped
  Running the post build.
  Writing the asset graph.
E freezed on lib/models/screen_model.dart:
  Getters require a MyClass._() constructor
  package:widgetx/models/screen_model.dart:76:14
     Γò╖
  76 Γöé   String get appBarTitle => throw UnimplementedError();
     Γöé              ^^^^^^^^^^^
     Γò╡
  Failed to build with build_runner in 3s; wrote 0 outputs.
